2025-10-20 12:40:47 INFO  main_loop.c:906 Current mission: volk-2025-8
2025-10-20 12:40:47 INFO  flyingzone.c:225 Reading flying zone file /data/missions/volk-2025-8/flyingzone.cfg...
2025-10-20 12:40:47 INFO  flyingzone.c:280 Parsed 10 flying zone points, 0 holes, 0 rally points, 0 arena points and 0 target points of zone 'show'.
2025-10-20 12:40:47 INFO  choreography.c:638 Reading choreography file /data/missions/volk-2025-8/choreography.cfg...
2025-10-20 12:40:47 INFO  choreography.c:656 Parsed 2 choreography elements.
2025-10-20 12:40:47 INFO  waypoints.c:210 Reading waypoint file /data/missions/volk-2025-8/waypoints_ground.cfg ...
2025-10-20 12:40:47 INFO  waypoints.c:226 Parsed 1 waypoints.
2025-10-20 12:40:47 INFO  algorithms/waypoint.c:1248 Minimum safety margin between waypoints and flying zone: 77.5 m
2025-10-20 12:40:47 INFO  waypoints.c:210 Reading waypoint file /data/missions/volk-2025-8/waypoints.cfg ...
2025-10-20 12:40:47 INFO  waypoints.c:226 Parsed 1618 waypoints.
2025-10-20 12:40:47 INFO  algorithms/waypoint.c:1248 Minimum safety margin between waypoints and flying zone: 15.5 m
2025-10-20 12:40:47 INFO  main_loop.c:117 GPIO monitor initialized.
2025-10-20 12:40:47 INFO  main_loop.c:150 Watching GPIO pin 88 (rising edge) for timesync pulse
2025-10-20 12:40:47 INFO  networking/xbee.c:54 Initializing XBee on /dev/ttyAML2...
2025-10-20 12:40:47 INFO  networking/radio.c:266 Initializing radio with address 0x0058 on /dev/sik-radio...
2025-10-20 12:40:47 INFO  networking/radio.c:823 Radio activated, receiving only.
2025-10-20 12:40:47 INFO  networking/wireless.c:419 Waiting for wireless interface to come up.
2025-10-20 12:40:47 INFO  autopilots/pixhawk/driver.c:110 Initializing MAVLink/PixHawk on /dev/ttyAML1...
2025-10-20 12:40:47 WARN  main_loop.c:263 Could not initialize BMS.
2025-10-20 12:40:47 WARN  main_loop.c:278 Could not initialize camera mount.
2025-10-20 12:40:47 INFO  led_strip.c:67 Initializing serial LED strip on /dev/ttyAML0...
2025-10-20 12:40:47 INFO  led_strip.c:83 LED strip initialized.
2025-10-20 12:40:47 WARN  main_loop.c:346 Could not initialize sprayer.
2025-10-20 12:40:47 INFO  main_loop.c:928 Initializing algorithms...
2025-10-20 12:40:47 INFO  modules/silencer.c:112 Throttling telemetry traffic.
2025-10-20 12:40:47 INFO  modules/slow_flight_mode.c:147 Slow flight mode deactivated. Resuming normal control output.
2025-10-20 12:40:47 INFO  networking/console.c:205 Opening debug console on 127.0.0.1:4242
2025-10-20 12:40:47 INFO  networking/jsonrpc.c:374 Opening JSON-RPC API handler on 127.0.0.1:4244
2025-10-20 12:40:47 INFO  main_loop.c:396 Master switch: ch5, 6 states (3=enable)
2025-10-20 12:40:47 INFO  main_loop.c:401 No algorithm selector channel is selected.
2025-10-20 12:40:47 INFO  main_loop.c:401 No manual switch channel is selected.
2025-10-20 12:40:47 INFO  main_loop.c:396 Return to home switch: ch8, 2 states (2=enable)
2025-10-20 12:40:47 INFO  main_loop.c:396 Choreography switch: ch7, 2 states (2=enable)
2025-10-20 12:40:47 INFO  main_loop.c:401 No pyro switch channel is selected.
2025-10-20 12:40:47 INFO  main_loop.c:401 No slow flight mode switch channel is selected.
2025-10-20 12:40:47 INFO  main_loop.c:401 No sprayer switch channel is selected.
2025-10-20 12:40:47 INFO  main_loop.c:396 Suspend/resume switch: ch6, 2 states (2=enable)
2025-10-20 12:40:47 INFO  main_loop.c:429 Auxiliary function of choreography switch: set LED color by group
2025-10-20 12:40:47 INFO  main_loop.c:437 Default algorithm: manual
2025-10-20 12:40:47 INFO  main_loop.c:445 Emergency algorithm: emergency
2025-10-20 12:40:47 INFO  main_loop.c:1086 Entering main loop...
2025-10-20 12:40:47 INFO  networking/wireless.c:592 Wireless link up at 10.0.0.88:4243 (UDP and TCP)
2025-10-20 12:40:47 INFO  networking/wireless.c:614 Broadcasting wireless packets to 10.255.255.255:4243
2025-10-20 12:40:47 INFO  networking/wireless.c:423 Wireless activated.
2025-10-20 12:40:48 INFO  prearm.c:246 PASS - Error code is zero
2025-10-20 12:40:48 INFO  prearm.c:398 PASS - High level sensor checks OK
2025-10-20 12:40:48 INFO  prearm.c:412 PASS - GPS fix OK
2025-10-20 12:40:48 INFO  prearm.c:463 PASS - Relative altitude OK
2025-10-20 12:40:48 INFO  prearm.c:546 PASS - Flying zone OK
2025-10-20 12:40:48 INFO  prearm.c:160 PASS - Low level prearm checks OK
2025-10-20 12:40:49 INFO  timesync.c:702 Fine time synchronization achieved.
2025-10-20 12:40:52 INFO  autopilots/pixhawk/driver.c:1930 ArduPilot version: 3.6.7
2025-10-20 12:40:52 INFO  autopilots/pixhawk/driver.c:2013 Acknowledgement OK, cmd: 520 (MAV_CMD_REQUEST_AUTOPILOT_CAPABILITIES), result: 0 (ACCEPTED).
2025-10-20 12:40:52 INFO  autopilots/pixhawk/init.c:106 Initializing MAVLink/PixHawk data stream rates...
2025-10-20 12:40:52 INFO  autopilots/pixhawk/init.c:129 Requesting important parameters from PixHawk...
2025-10-20 12:40:52 INFO  autopilots/pixhawk/init.c:136 Uploading important parameters to PixHawk...
2025-10-20 12:40:52 WARN  prearm.c:256 FAIL - Autopilot has not finished initializing yet
2025-10-20 12:40:52 WARN  prearm.c:420 FAIL - No home position yet
2025-10-20 12:40:52 WARN  prearm.c:168 FAIL - Guided mode is not turned on yet
2025-10-20 12:40:56 INFO  autopilots/pixhawk/driver.c:1865 Acknowledgement of PARAM_SET, ID: COMPASS_DEC, new value: 0
2025-10-20 12:40:56 INFO  autopilots/pixhawk/driver.c:1865 Acknowledgement of PARAM_SET, ID: COMPASS_AUTODEC, new value: 1
2025-10-20 12:40:57 INFO  autopilots/pixhawk/driver.c:1900 GPS delay is 220 ms
2025-10-20 12:40:57 INFO  autopilots/pixhawk/driver.c:1904 Compass #1 is in use
2025-10-20 12:40:57 INFO  autopilots/pixhawk/driver.c:1908 Compass #2 is in use
2025-10-20 12:40:57 INFO  autopilots/pixhawk/driver.c:1912 Compass #3 is not in use
2025-10-20 12:41:00 INFO  prearm.c:260 PASS - Autopilot is active and initialized
2025-10-20 12:41:00 INFO  prearm.c:439 PASS - RC channels OK
2025-10-20 12:41:00 INFO  prearm.c:160 PASS - PixHawk sensor status OK
2025-10-20 12:41:13 INFO  uav.c:1952 Initializing choreography step #1: 'wait_on_ground'
2025-10-20 12:41:13 INFO  uav.c:1598 Setting parameter: algorithm/whats_next=loiter
2025-10-20 12:41:13 INFO  uav.c:1598 Setting parameter: algorithm/velocity_threshold_z=2
2025-10-20 12:41:13 INFO  uav.c:1598 Setting parameter: algorithm/velocity_threshold_xy=7
2025-10-20 12:41:13 INFO  uav.c:1598 Setting parameter: algorithm/velocity_z=2
2025-10-20 12:41:13 INFO  uav.c:1598 Setting parameter: algorithm/velocity_xy=5
2025-10-20 12:41:13 INFO  uav.c:1598 Setting parameter: algorithm/r0_offset_frict=1
2025-10-20 12:41:13 INFO  uav.c:1598 Setting parameter: algorithm/v_frict=1
2025-10-20 12:41:13 INFO  uav.c:1598 Setting parameter: algorithm/p_rep=1
2025-10-20 12:41:13 INFO  uav.c:1598 Setting parameter: algorithm/r0_offset_spp=2
2025-10-20 12:41:13 INFO  uav.c:1598 Setting parameter: algorithm/r0_rep=6
2025-10-20 12:41:13 INFO  uav.c:1598 Setting parameter: lighting/bytecode_player.enable=0
2025-10-20 12:41:13 INFO  uav.c:1598 Setting parameter: algorithm/file=/data/missions/volk-2025-8/waypoints_ground.cfg
2025-10-20 12:41:13 INFO  waypoints.c:210 Reading waypoint file /data/missions/volk-2025-8/waypoints_ground.cfg ...
2025-10-20 12:41:13 INFO  waypoints.c:226 Parsed 1 waypoints.
2025-10-20 12:41:13 INFO  algo_manager.c:276 Master switch ON: activating algorithm 'waypoint'
2025-10-20 12:41:13 INFO  algorithms/waypoint.c:1305 Waypoint algorithm: waiting for pre-arm checking
2025-10-20 12:41:13 INFO  autopilots/pixhawk/driver.c:2013 Acknowledgement OK, cmd: 11 (MAVLINK_MSG_ID_SET_MODE), result: 0 (ACCEPTED).
2025-10-20 12:41:13 INFO  autopilots/pixhawk/driver.c:1721 statustext: Initialising APM (severity: 6 - INFO)
2025-10-20 12:41:13 INFO  autopilots/pixhawk/driver.c:1721 statustext: Updating barometer calibration (severity: 6 - INFO)
2025-10-20 12:41:13 INFO  autopilots/pixhawk/driver.c:1721 statustext: Barometer calibration complete (severity: 6 - INFO)
2025-10-20 12:41:13 INFO  autopilots/pixhawk/driver.c:2013 Acknowledgement OK, cmd: 241 (MAV_CMD_PREFLIGHT_CALIBRATION), result: 0 (ACCEPTED).
2025-10-20 12:41:13 INFO  prearm.c:160 PASS - Heartbeat base and custom mode OK
2025-10-20 12:41:13 WARN  prearm.c:168 FAIL - UAV system status message indicates sensor malfunction (52558895, 35781676, 52558892)
       Not present: 
       Not enabled: 3D_GYRO 3D_ACCEL
       Not healthy: 3D_GYRO 3D_ACCEL
2025-10-20 12:41:13 INFO  autopilots/pixhawk/driver.c:592 Setting home position on PixHawk to (its current pos instead of) lat=47.6086371 lon=19.1469724 AMSL=137.72
2025-10-20 12:41:13 INFO  autopilots/pixhawk/driver.c:1692 Home position on PixHawk: 47.6086372 19.1469725 @ 137.72m AMSL
2025-10-20 12:41:13 INFO  autopilots/pixhawk/driver.c:1351 GPS global origin: 47.6086369 19.1469653 @ 134.30m AMSL
2025-10-20 12:41:13 INFO  autopilots/pixhawk/driver.c:2013 Acknowledgement OK, cmd: 179 (MAV_CMD_DO_SET_HOME), result: 0 (ACCEPTED).
2025-10-20 12:41:13 INFO  uav.c:2496 Autopilot accepted home position: lat=47.6086371 lon=19.1469724 AMSL=137.72
2025-10-20 12:41:13 INFO  prearm.c:422 PASS - Home position OK
2025-10-20 12:41:13 INFO  prearm.c:521 PASS - Takeoff placement OK
2025-10-20 12:41:13 INFO  prearm.c:537 PASS - Flying height OK
2025-10-20 12:41:14 INFO  prearm.c:160 PASS - PixHawk sensor status OK
2025-10-20 12:41:14 INFO  prearm.c:94 SUCCESS - Pre-arm checking is complete.
2025-10-20 12:41:14 INFO  algorithms/waypoint.c:2221 Takeoff time is infinite, we will not takeoff.
2025-10-20 12:41:14 INFO  algorithms/waypoint.c:1305 Waypoint algorithm: waiting for others to initialize
2025-10-20 12:41:17 INFO  algorithms/waypoint.c:899 1 UAVs are visible.
2025-10-20 12:41:17 INFO  algorithms/waypoint.c:1305 Waypoint algorithm: waiting for motors to turn on
2025-10-20 12:41:39 INFO  autopilots/pixhawk/driver.c:879 Started processing motor on signal.
2025-10-20 12:41:39 INFO  autopilots/pixhawk/driver.c:887 Sent preflight calibration command for barometer.
2025-10-20 12:41:39 INFO  autopilots/pixhawk/driver.c:902 Sent home position command.
2025-10-20 12:41:39 INFO  autopilots/pixhawk/driver.c:912 Sent command to arm motors.
2025-10-20 12:41:39 INFO  autopilots/pixhawk/driver.c:1721 statustext: Updating barometer calibration (severity: 6 - INFO)
2025-10-20 12:41:39 INFO  autopilots/pixhawk/driver.c:1721 statustext: Barometer calibration complete (severity: 6 - INFO)
2025-10-20 12:41:39 INFO  autopilots/pixhawk/driver.c:2013 Acknowledgement OK, cmd: 241 (MAV_CMD_PREFLIGHT_CALIBRATION), result: 0 (ACCEPTED).
2025-10-20 12:41:39 INFO  autopilots/pixhawk/driver.c:1692 Home position on PixHawk: 47.6086366 19.1469724 @ 137.85m AMSL
2025-10-20 12:41:39 INFO  autopilots/pixhawk/driver.c:1351 GPS global origin: 47.6086369 19.1469653 @ 134.30m AMSL
2025-10-20 12:41:39 INFO  autopilots/pixhawk/driver.c:2013 Acknowledgement OK, cmd: 179 (MAV_CMD_DO_SET_HOME), result: 0 (ACCEPTED).
2025-10-20 12:41:39 INFO  autopilots/pixhawk/driver.c:2013 Acknowledgement OK, cmd: 400 (MAV_CMD_COMPONENT_ARM_DISARM), result: 0 (ACCEPTED).
2025-10-20 12:41:40 INFO  log.c:152 Enabled logging.
2025-10-20 12:41:40 INFO  modules/silencer.c:114 Normal telemetry traffic resumed.
2025-10-20 12:41:40 INFO  algorithms/waypoint.c:1305 Waypoint algorithm: takeoff procedure started
2025-10-20 12:41:45 INFO  uav.c:1952 Initializing choreography step #2: 'go_on_route'
2025-10-20 12:41:45 INFO  algo_manager.c:251 choreography switch changed: deactivating algorithm 'waypoint'
2025-10-20 12:41:45 INFO  algorithms/waypoint.c:1305 Waypoint algorithm: suspended
2025-10-20 12:41:45 INFO  uav.c:1598 Setting parameter: algorithm/whats_next=land
2025-10-20 12:41:45 INFO  uav.c:1598 Setting parameter: algorithm/velocity_threshold_z=2.90
2025-10-20 12:41:45 INFO  uav.c:1598 Setting parameter: algorithm/velocity_threshold_xy=8.00
2025-10-20 12:41:45 INFO  uav.c:1598 Setting parameter: algorithm/velocity_z=2.00
2025-10-20 12:41:45 INFO  uav.c:1598 Setting parameter: algorithm/velocity_xy=5.00
2025-10-20 12:41:45 INFO  uav.c:1598 Setting parameter: algorithm/r0_offset_frict=0
2025-10-20 12:41:45 INFO  uav.c:1598 Setting parameter: algorithm/v_frict=3
2025-10-20 12:41:45 INFO  uav.c:1598 Setting parameter: algorithm/p_rep=1.5
2025-10-20 12:41:45 INFO  uav.c:1598 Setting parameter: algorithm/r0_offset_spp=0
2025-10-20 12:41:45 INFO  uav.c:1598 Setting parameter: algorithm/r0_rep=4.00
2025-10-20 12:41:45 INFO  uav.c:1598 Setting parameter: algorithm/minimum_altitude=3
2025-10-20 12:41:45 INFO  uav.c:1598 Setting parameter: algorithm/altitude_setpoint=5.00
2025-10-20 12:41:45 WARN  algorithms/waypoint.c:749 waypoint.altitude_setpoint is deprecated, use waypoint.takeoff_altitude
2025-10-20 12:41:45 INFO  uav.c:1598 Setting parameter: lighting/bytecode_player.filename=/data/missions/volk-2025-8/light_show.bin
2025-10-20 12:41:45 INFO  lighting/lighting_bytecode_player.c:205 Loaded LED strip bytecode file: /data/missions/volk-2025-8/light_show.bin
2025-10-20 12:41:45 INFO  uav.c:1598 Setting parameter: lighting/bytecode_player.enable=1
2025-10-20 12:41:45 INFO  uav.c:1598 Setting parameter: algorithm/file=/data/missions/volk-2025-8/waypoints.cfg
2025-10-20 12:41:45 INFO  waypoints.c:210 Reading waypoint file /data/missions/volk-2025-8/waypoints.cfg ...
2025-10-20 12:41:45 INFO  waypoints.c:226 Parsed 1618 waypoints.
2025-10-20 12:41:45 INFO  algo_manager.c:276 choreography switch changed: activating algorithm 'waypoint'
2025-10-20 12:41:45 INFO  algorithms/waypoint.c:2216 Takeoff starts at 0.00 s algo time
2025-10-20 12:41:45 INFO  algorithms/waypoint.c:1305 Waypoint algorithm: waiting for motors to turn on
2025-10-20 12:41:45 INFO  algorithms/waypoint.c:1305 Waypoint algorithm: takeoff procedure started
2025-10-20 12:41:45 INFO  autopilots/pixhawk/driver.c:760 Takeoff command successfully sent to PixHawk
2025-10-20 12:41:45 INFO  autopilots/pixhawk/driver.c:2013 Acknowledgement OK, cmd: 22 (MAV_CMD_NAV_TAKEOFF), result: 0 (ACCEPTED).
2025-10-20 12:41:45 INFO  uav.c:1367 Takeoff command acknowledged by the autopilot.
2025-10-20 12:41:47 INFO  uav.c:1344 Takeoff ready, we are above minimum altitude of 3.0m
2025-10-20 12:41:47 INFO  algorithms/waypoint.c:1305 Waypoint algorithm: airborne, following waypoints
2025-10-20 12:41:47 INFO  autopilots/pixhawk/driver.c:1721 statustext: EKF2 IMU0 in-flight yaw alignment complete (severity: 6 - INFO)
2025-10-20 12:41:47 INFO  autopilots/pixhawk/driver.c:1721 statustext: EKF2 IMU1 in-flight yaw alignment complete (severity: 6 - INFO)
2025-10-20 12:42:00 WARN  algorithms/waypoint.c:1099 Drift from waypoint is large (3.06 > 3.00 m)
2025-10-20 12:42:02 INFO  algorithms/waypoint.c:1104 Drift from waypoint is under threshold again
2025-10-20 12:42:02 WARN  algorithms/waypoint.c:1099 Drift from waypoint is large (3.00 > 3.00 m)
2025-10-20 12:42:02 INFO  algorithms/waypoint.c:1104 Drift from waypoint is under threshold again
2025-10-20 12:42:03 WARN  algorithms/waypoint.c:1099 Drift from waypoint is large (3.02 > 3.00 m)
2025-10-20 12:42:03 INFO  algorithms/waypoint.c:1104 Drift from waypoint is under threshold again
2025-10-20 12:42:03 WARN  algorithms/waypoint.c:1099 Drift from waypoint is large (3.02 > 3.00 m)
2025-10-20 12:42:18 INFO  algorithms/waypoint.c:1104 Drift from waypoint is under threshold again
2025-10-20 12:42:35 INFO  autopilots/pixhawk/driver.c:1721 statustext: RCInput: decoding UNKNOWN (severity: 7 - DEBUG)
2025-10-20 12:42:35 INFO  autopilots/pixhawk/driver.c:1721 statustext: RCInput: decoding PX4IO_PPM (severity: 7 - DEBUG)
2025-10-20 12:42:38 INFO  autopilots/pixhawk/driver.c:1721 statustext: RCInput: decoding UNKNOWN (severity: 7 - DEBUG)
2025-10-20 12:42:38 INFO  autopilots/pixhawk/driver.c:1721 statustext: RCInput: decoding PX4IO_PPM (severity: 7 - DEBUG)
2025-10-20 12:42:55 INFO  autopilots/pixhawk/driver.c:1721 statustext: RCInput: decoding UNKNOWN (severity: 7 - DEBUG)
2025-10-20 12:42:55 INFO  autopilots/pixhawk/driver.c:1721 statustext: RCInput: decoding PX4IO_PPM (severity: 7 - DEBUG)
2025-10-20 12:43:00 INFO  autopilots/pixhawk/driver.c:1721 statustext: RCInput: decoding UNKNOWN (severity: 7 - DEBUG)
2025-10-20 12:43:00 INFO  autopilots/pixhawk/driver.c:1721 statustext: RCInput: decoding PX4IO_PPM (severity: 7 - DEBUG)
2025-10-20 12:43:50 INFO  autopilots/pixhawk/driver.c:1721 statustext: RCInput: decoding UNKNOWN (severity: 7 - DEBUG)
2025-10-20 12:43:50 INFO  autopilots/pixhawk/driver.c:1721 statustext: RCInput: decoding PX4IO_PPM (severity: 7 - DEBUG)
2025-10-20 12:43:59 INFO  autopilots/pixhawk/driver.c:1721 statustext: RCInput: decoding UNKNOWN (severity: 7 - DEBUG)
2025-10-20 12:43:59 INFO  autopilots/pixhawk/driver.c:1721 statustext: RCInput: decoding PX4IO_PPM (severity: 7 - DEBUG)
2025-10-20 12:44:02 WARN  algorithms/waypoint.c:1099 Drift from waypoint is large (3.02 > 3.00 m)
2025-10-20 12:44:02 INFO  algorithms/waypoint.c:1104 Drift from waypoint is under threshold again
2025-10-20 12:44:04 WARN  algorithms/waypoint.c:1099 Drift from waypoint is large (3.03 > 3.00 m)
2025-10-20 12:44:05 INFO  algorithms/waypoint.c:1104 Drift from waypoint is under threshold again
2025-10-20 12:44:05 WARN  algorithms/waypoint.c:1099 Drift from waypoint is large (3.04 > 3.00 m)
2025-10-20 12:44:05 INFO  algorithms/waypoint.c:1104 Drift from waypoint is under threshold again
2025-10-20 12:44:14 WARN  algorithms/waypoint.c:1099 Drift from waypoint is large (3.01 > 3.00 m)
2025-10-20 12:44:15 INFO  algorithms/waypoint.c:1104 Drift from waypoint is under threshold again
2025-10-20 12:44:15 WARN  algorithms/waypoint.c:1099 Drift from waypoint is large (3.06 > 3.00 m)
2025-10-20 12:44:15 INFO  algorithms/waypoint.c:1104 Drift from waypoint is under threshold again
2025-10-20 12:44:54 INFO  autopilots/pixhawk/driver.c:1721 statustext: RCInput: decoding UNKNOWN (severity: 7 - DEBUG)
2025-10-20 12:44:54 INFO  autopilots/pixhawk/driver.c:1721 statustext: RCInput: decoding PX4IO_PPM (severity: 7 - DEBUG)
2025-10-20 12:45:16 INFO  autopilots/pixhawk/driver.c:1721 statustext: RCInput: decoding UNKNOWN (severity: 7 - DEBUG)
2025-10-20 12:45:16 INFO  autopilots/pixhawk/driver.c:1721 statustext: RCInput: decoding PX4IO_PPM (severity: 7 - DEBUG)
2025-10-20 12:45:40 INFO  autopilots/pixhawk/driver.c:1721 statustext: RCInput: decoding UNKNOWN (severity: 7 - DEBUG)
2025-10-20 12:45:40 INFO  autopilots/pixhawk/driver.c:1721 statustext: RCInput: decoding PX4IO_PPM (severity: 7 - DEBUG)
2025-10-20 12:46:04 INFO  autopilots/pixhawk/driver.c:1721 statustext: RCInput: decoding UNKNOWN (severity: 7 - DEBUG)
2025-10-20 12:46:04 INFO  autopilots/pixhawk/driver.c:1721 statustext: RCInput: decoding PX4IO_PPM (severity: 7 - DEBUG)
2025-10-20 12:46:38 INFO  autopilots/pixhawk/driver.c:1721 statustext: RCInput: decoding UNKNOWN (severity: 7 - DEBUG)
2025-10-20 12:46:39 INFO  autopilots/pixhawk/driver.c:1721 statustext: RCInput: decoding PX4IO_PPM (severity: 7 - DEBUG)
2025-10-20 12:47:22 WARN  algorithms/waypoint.c:1099 Drift from waypoint is large (3.00 > 3.00 m)
2025-10-20 12:47:24 INFO  algorithms/waypoint.c:1104 Drift from waypoint is under threshold again
2025-10-20 12:47:40 WARN  algorithms/waypoint.c:1099 Drift from waypoint is large (3.02 > 3.00 m)
2025-10-20 12:47:43 INFO  algorithms/waypoint.c:1104 Drift from waypoint is under threshold again
2025-10-20 12:47:52 INFO  autopilots/pixhawk/driver.c:1721 statustext: RCInput: decoding UNKNOWN (severity: 7 - DEBUG)
2025-10-20 12:47:53 INFO  autopilots/pixhawk/driver.c:1721 statustext: RCInput: decoding PX4IO_PPM (severity: 7 - DEBUG)
2025-10-20 12:48:17 INFO  autopilots/pixhawk/driver.c:1721 statustext: RCInput: decoding UNKNOWN (severity: 7 - DEBUG)
2025-10-20 12:48:22 INFO  autopilots/pixhawk/driver.c:1721 statustext: RCInput: decoding UNKNOWN (severity: 7 - DEBUG)
2025-10-20 12:48:22 INFO  autopilots/pixhawk/driver.c:1721 statustext: RCInput: decoding PX4IO_PPM (severity: 7 - DEBUG)
2025-10-20 12:48:52 INFO  autopilots/pixhawk/driver.c:1721 statustext: RCInput: decoding UNKNOWN (severity: 7 - DEBUG)
2025-10-20 12:48:52 INFO  autopilots/pixhawk/driver.c:1721 statustext: RCInput: decoding PX4IO_PPM (severity: 7 - DEBUG)
2025-10-20 12:49:36 INFO  autopilots/pixhawk/driver.c:1721 statustext: RCInput: decoding UNKNOWN (severity: 7 - DEBUG)
2025-10-20 12:49:36 INFO  autopilots/pixhawk/driver.c:1721 statustext: RCInput: decoding PX4IO_PPM (severity: 7 - DEBUG)
2025-10-20 12:49:45 INFO  autopilots/pixhawk/driver.c:1721 statustext: RCInput: decoding UNKNOWN (severity: 7 - DEBUG)
2025-10-20 12:49:45 INFO  autopilots/pixhawk/driver.c:1721 statustext: RCInput: decoding PX4IO_PPM (severity: 7 - DEBUG)
2025-10-20 12:49:56 INFO  autopilots/pixhawk/driver.c:1721 statustext: RCInput: decoding UNKNOWN (severity: 7 - DEBUG)
2025-10-20 12:49:56 INFO  autopilots/pixhawk/driver.c:1721 statustext: RCInput: decoding PX4IO_PPM (severity: 7 - DEBUG)
2025-10-20 12:50:53 INFO  autopilots/pixhawk/driver.c:1721 statustext: RCInput: decoding UNKNOWN (severity: 7 - DEBUG)
2025-10-20 12:50:53 INFO  autopilots/pixhawk/driver.c:1721 statustext: RCInput: decoding PX4IO_PPM (severity: 7 - DEBUG)
2025-10-20 12:50:56 INFO  autopilots/pixhawk/driver.c:1721 statustext: RCInput: decoding UNKNOWN (severity: 7 - DEBUG)
2025-10-20 12:50:56 INFO  autopilots/pixhawk/driver.c:1721 statustext: RCInput: decoding PX4IO_PPM (severity: 7 - DEBUG)
2025-10-20 12:51:04 WARN  algorithms/waypoint.c:1099 Drift from waypoint is large (3.03 > 3.00 m)
2025-10-20 12:51:05 INFO  algorithms/waypoint.c:1104 Drift from waypoint is under threshold again
2025-10-20 12:51:23 INFO  algorithms/waypoint.c:1624 Last waypoint reached. Triggering landing algorithm.
2025-10-20 12:51:23 INFO  algo_manager.c:251 landing requested by algorithm: deactivating algorithm 'waypoint'
2025-10-20 12:51:23 INFO  algorithms/waypoint.c:1305 Waypoint algorithm: suspended
2025-10-20 12:51:23 INFO  algo_manager.c:276 landing requested by algorithm: activating algorithm 'landing'
2025-10-20 12:51:23 INFO  algorithms/landing.c:407 Landing algorithm: starting
2025-10-20 12:51:23 INFO  algorithms/landing.c:89 Activating landing from -0.06 m AGL
2025-10-20 12:51:24 INFO  algorithms/landing.c:407 Landing algorithm: Descending in guided mode
2025-10-20 12:51:24 INFO  autopilots/pixhawk/driver.c:457 Land command successfully sent to PixHawk
2025-10-20 12:51:24 INFO  autopilots/pixhawk/driver.c:2013 Acknowledgement OK, cmd: 21 (MAV_CMD_NAV_LAND), result: 0 (ACCEPTED).
2025-10-20 12:51:25 INFO  autopilots/pixhawk/driver.c:466 Landing is accepted by PixHawk
2025-10-20 12:51:25 INFO  algorithms/landing.c:407 Landing algorithm: Descending with autopilot landing algo
2025-10-20 12:51:27 INFO  uav.c:501 09:47 mm:ss flight time acknowledged.
2025-10-20 12:51:28 INFO  algorithms/landing.c:407 Landing algorithm: landed
2025-10-20 12:51:28 INFO  autopilots/pixhawk/driver.c:2013 Acknowledgement OK, cmd: 11 (MAVLINK_MSG_ID_SET_MODE), result: 0 (ACCEPTED).
2025-10-20 12:51:28 INFO  autopilots/pixhawk/driver.c:1721 statustext: Initialising APM (severity: 6 - INFO)
2025-10-20 12:51:28 INFO  autopilots/pixhawk/driver.c:1721 statustext: Updating barometer calibration (severity: 6 - INFO)
2025-10-20 12:51:28 INFO  autopilots/pixhawk/driver.c:1721 statustext: Barometer calibration complete (severity: 6 - INFO)
2025-10-20 12:51:28 INFO  autopilots/pixhawk/driver.c:2013 Acknowledgement OK, cmd: 241 (MAV_CMD_PREFLIGHT_CALIBRATION), result: 0 (ACCEPTED).
2025-10-20 12:51:28 WARN  prearm.c:168 FAIL - UAV system status message indicates sensor malfunction (52558895, 35781676, 35781676)
       Not present: 
       Not enabled: 3D_GYRO 3D_ACCEL
       Not healthy: 3D_GYRO 3D_ACCEL
2025-10-20 12:51:29 INFO  prearm.c:160 PASS - PixHawk sensor status OK
2025-10-20 12:51:29 INFO  prearm.c:94 SUCCESS - Pre-arm checking is complete.
2025-10-20 12:51:29 INFO  algo_manager.c:251 Master switch OFF: deactivating algorithm 'landing'
2025-10-20 12:51:29 INFO  algorithms/landing.c:407 Landing algorithm: suspended
2025-10-20 12:51:29 INFO  modules/silencer.c:112 Throttling telemetry traffic.
2025-10-20 12:51:29 INFO  uav.c:391 Clearing home position (saving as backup).
2025-10-20 12:51:29 WARN  prearm.c:420 FAIL - No home position yet
2025-10-20 12:51:29 WARN  prearm.c:168 FAIL - UAV system status message indicates sensor malfunction (52558895, 35781679, 35781647)
       Not present: 
       Not enabled: 
       Not healthy: GPS
2025-10-20 12:51:29 INFO  prearm.c:160 PASS - PixHawk sensor status OK
2025-10-20 12:51:30 WARN  prearm.c:168 FAIL - Guided mode is not turned on yet
2025-10-20 12:51:32 INFO  autopilots/pixhawk/driver.c:1721 statustext: RCInput: decoding UNKNOWN (severity: 7 - DEBUG)
2025-10-20 12:51:32 WARN  prearm.c:437 FAIL - 8 RC channels invalid
2025-10-20 12:51:33 WARN  prearm.c:168 FAIL - UAV system status message indicates sensor malfunction (52558895, 35765295, 35716143)
       Not present: 
       Not enabled: 
       Not healthy: RC_RECEIVER
2025-10-20 12:51:34 WARN  prearm.c:168 FAIL - Heartbeat system status should be STANDBY, not CRITICAL
2025-10-20 12:52:33 INFO  autopilots/pixhawk/driver.c:1721 statustext: RCInput: decoding PX4IO_PPM (severity: 7 - DEBUG)
2025-10-20 12:52:33 INFO  prearm.c:439 PASS - RC channels OK
2025-10-20 12:52:33 INFO  prearm.c:160 PASS - PixHawk sensor status OK
2025-10-20 12:52:34 INFO  prearm.c:160 PASS - Low level prearm checks OK
2025-10-20 12:52:36 WARN  control/output.c:96 Motor on failed: prearm check is still in progress
2025-10-20 12:52:38 INFO  modules/silencer.c:114 Normal telemetry traffic resumed.
2025-10-20 12:52:38 INFO  uav.c:1450 Took of in manual flight mode; restoring last home position.
2025-10-20 12:52:41 INFO  autopilots/pixhawk/driver.c:919 Sent command to disarm motors.
2025-10-20 12:52:41 INFO  autopilots/pixhawk/driver.c:2013 Acknowledgement OK, cmd: 400 (MAV_CMD_COMPONENT_ARM_DISARM), result: 0 (ACCEPTED).
2025-10-20 12:52:42 INFO  uav.c:501 00:04 mm:ss flight time acknowledged.
2025-10-20 12:52:42 INFO  log.c:140 Disabled logging.
2025-10-20 12:52:42 INFO  modules/silencer.c:112 Throttling telemetry traffic.
2025-10-20 12:52:42 INFO  prearm.c:422 PASS - Home position OK
2025-10-20 12:52:42 INFO  prearm.c:521 PASS - Takeoff placement OK
2025-10-20 12:52:42 INFO  prearm.c:537 PASS - Flying height OK
2025-10-20 12:52:57 INFO  autopilots/pixhawk/driver.c:1721 statustext: RCInput: decoding UNKNOWN (severity: 7 - DEBUG)
2025-10-20 12:52:57 WARN  prearm.c:437 FAIL - 8 RC channels invalid
2025-10-20 12:52:57 INFO  autopilots/pixhawk/driver.c:1721 statustext: RCInput: decoding PX4IO_PPM (severity: 7 - DEBUG)
2025-10-20 12:52:57 INFO  prearm.c:439 PASS - RC channels OK
2025-10-20 12:53:24 INFO  autopilots/pixhawk/driver.c:1721 statustext: RCInput: decoding UNKNOWN (severity: 7 - DEBUG)
2025-10-20 12:53:24 INFO  autopilots/pixhawk/driver.c:1721 statustext: RCInput: decoding PX4IO_PPM (severity: 7 - DEBUG)
2025-10-20 12:53:56 INFO  main_loop.c:1096 Exited main loop.
2025-10-20 12:53:56 INFO  main_loop.c:1101 Closing JSON-RPC API handler.
2025-10-20 12:53:56 INFO  main_loop.c:1106 Closing console.
2025-10-20 12:53:56 INFO  main_loop.c:1113 Closing flight logging.
2025-10-20 12:53:56 INFO  main_loop.c:1117 Closing GPIO monitor.
2025-10-20 12:53:56 INFO  main_loop.c:1126 Destroying lighting controller.
2025-10-20 12:53:56 INFO  main_loop.c:1129 Destroying clocks.
2025-10-20 12:53:56 INFO  main_loop.c:1132 Destroying algorithms.
2025-10-20 12:53:56 INFO  main_loop.c:1138 Closing devices.
2025-10-20 12:53:56 INFO  networking/radio.c:811 Radio subsystem destroyed.
2025-10-20 12:53:56 INFO  networking/wireless.c:409 Wireless subsystem destroyed.
2025-10-20 12:53:56 INFO  main_loop.c:1176 Destroying event bus.
2025-10-20 12:53:56 INFO  main_loop.c:1179 Destroying UAV state.
2025-10-20 12:53:56 INFO  uav.c:362 algo_update from Autopilot: received 60173 in 788.5s (76.32Hz)
2025-10-20 12:53:56 INFO  uav.c:365 algo_update from XBee: received 0 in 0s (0.0Hz)
2025-10-20 12:53:56 INFO  uav.c:365 algo_update from LED: received 0 in 0s (0.0Hz)
2025-10-20 12:53:56 INFO  uav.c:365 algo_update from Pyro: received 0 in 0s (0.0Hz)
2025-10-20 12:53:56 INFO  uav.c:365 algo_update from AEKI: received 0 in 0s (0.0Hz)
2025-10-20 12:53:56 INFO  uav.c:362 algo_update from Wireless: received 16847 in 788.2s (21.37Hz)
2025-10-20 12:53:56 INFO  uav.c:365 algo_update from Radio: received 0 in 0s (0.0Hz)
2025-10-20 12:53:56 INFO  uav.c:365 algo_update from Pozyx: received 0 in 0s (0.0Hz)
2025-10-20 12:53:56 INFO  uav.c:365 algo_update from Sprayer: received 0 in 0s (0.0Hz)
2025-10-20 12:53:56 INFO  uav.c:365 algo_update from Camera mount: received 0 in 0s (0.0Hz)
2025-10-20 12:53:56 INFO  uav.c:365 algo_update from BMS: received 0 in 0s (0.0Hz)
2025-10-20 12:53:56 INFO  main_loop.c:1182 Destroying mission manager.
2025-10-20 12:53:56 INFO  main_loop.c:1185 Destroying persistent state store.
2025-10-20 12:53:56 INFO  main_loop.c:1196 Destroying event loop.
2025-10-20 12:53:56 INFO  main_loop.c:1199 Destroying timers.
2025-10-20 12:53:56 INFO  main_loop.c:1202 Controller terminated.
